// Jest Snapshot v1, https://goo.gl/fbAQLP

exports[`defaults 1`] = `
[
  {
    "apiVersion": "apps/v1",
    "kind": "Deployment",
    "metadata": {
      "name": "deployment-deployment",
    },
    "spec": {
      "replicas": 2,
      "selector": {
        "matchLabels": {
          "app": "test-plone-deployment-c8228275",
        },
      },
      "template": {
        "metadata": {
          "labels": {
            "app": "test-plone-deployment-c8228275",
          },
        },
        "spec": {
          "containers": [
            {
              "image": "plone/plone-backend:latest",
              "name": "deployment-pod",
            },
          ],
        },
      },
    },
  },
  {
    "apiVersion": "v1",
    "kind": "Service",
    "metadata": {
      "name": "service-service",
    },
    "spec": {
      "clusterIP": "None",
      "ports": [
        {
          "port": 8080,
          "targetPort": 8080,
        },
      ],
      "selector": {},
      "type": "ClusterIP",
    },
  },
]
`;
